// Jest Snapshot v1, https://goo.gl/fbAQLP

exports[`Decades renders correctly 1`] = `
<select
  onChange={[Function]}
  value="all"
>
  <option
    value="all"
  >
    All Decades
  </option>
  <option
    value={1960}
  >
    1960
    s
  </option>
  <option
    value={1970}
  >
    1970
    s
  </option>
  <option
    value={1980}
  >
    1980
    s
  </option>
  <option
    value={1990}
  >
    1990
    s
  </option>
  <option
    value={2000}
  >
    2000
    s
  </option>
  <option
    value={2010}
  >
    2010
    s
  </option>
</select>
`;
