// Jest Snapshot v1, https://goo.gl/fbAQLP

exports[`MovieLineItem renders correctly 1`] = `
<li
  onClick={[Function]}
>
  Arrival
   (
  2016
  ) 
  Unrated
</li>
`;
