// Jest Snapshot v1, https://goo.gl/fbAQLP

exports[`Search renders correctly 1`] = `
<input
  onChange={[Function]}
  placeholder="Search"
  type="text"
  value=""
/>
`;
